nohup: ignoring input
CDS MQTT Sensor Bridge
=====================
OPC-UA Endpoint: opc.tcp://10.8.0.62:14840
MQTT Broker:     localhost:1883
MQTT Topic:      cds/status/sensors
Mixer factor:    0.1

[STOP] MQTT getrennt.
Traceback (most recent call last):
  File "/usr/lib/python3.11/asyncio/tasks.py", line 490, in wait_for
    return fut.result()
           ^^^^^^^^^^^^
  File "/usr/lib/python3.11/asyncio/base_events.py", line 1069, in create_connection
    sock = await self._connect_sock(
           ^^^^^^^^^^^^^^^^^^^^^^^^^
  File "/usr/lib/python3.11/asyncio/base_events.py", line 973, in _connect_sock
    await self.sock_connect(sock, address)
  File "/usr/lib/python3.11/asyncio/selector_events.py", line 634, in sock_connect
    return await fut
           ^^^^^^^^^
asyncio.exceptions.CancelledError

The above exception was the direct cause of the following exception:

Traceback (most recent call last):
  File "/home/vgreens/cds_control/mqtt_sensor_bridge.py", line 260, in <module>
    asyncio.run(main())
  File "/usr/lib/python3.11/asyncio/runners.py", line 190, in run
    return runner.run(main)
           ^^^^^^^^^^^^^^^^
  File "/usr/lib/python3.11/asyncio/runners.py", line 118, in run
    return self._loop.run_until_complete(task)
           ^^^^^^^^^^^^^^^^^^^^^^^^^^^^^^^^^^^
  File "/usr/lib/python3.11/asyncio/base_events.py", line 653, in run_until_complete
    return future.result()
           ^^^^^^^^^^^^^^^
  File "/home/vgreens/cds_control/mqtt_sensor_bridge.py", line 88, in main
    async with Client(url=OPCUA_ENDPOINT) as opcua_client:
  File "/home/vgreens/cds_control/.venv/lib/python3.11/site-packages/asyncua/client/client.py", line 145, in __aenter__
    await self.connect()
  File "/home/vgreens/cds_control/.venv/lib/python3.11/site-packages/asyncua/client/client.py", line 440, in connect
    await self._connect_sequence()
  File "/home/vgreens/cds_control/.venv/lib/python3.11/site-packages/asyncua/client/client.py", line 452, in _connect_sequence
    await self.connect_socket()
  File "/home/vgreens/cds_control/.venv/lib/python3.11/site-packages/asyncua/client/client.py", line 630, in connect_socket
    await self.uaclient.connect_socket(self.server_url.hostname, self.server_url.port)
  File "/home/vgreens/cds_control/.venv/lib/python3.11/site-packages/asyncua/client/ua_client.py", line 543, in connect_socket
    await asyncio.wait_for(
  File "/usr/lib/python3.11/asyncio/tasks.py", line 492, in wait_for
    raise exceptions.TimeoutError() from exc
TimeoutError
